// Jest Snapshot v1, https://goo.gl/fbAQLP

exports[`Main should render 1`] = `
<DocumentFragment>
  <div>
    <nav
      class="bg-gray-800"
    >
      <div
        class="max-w-7xl mx-auto px-4 sm:px-6 lg:px-8"
      >
        <div
          class="flex items-center justify-between h-16"
        >
          <div
            class="flex items-center"
          >
            <div
              class="flex-shrink-0"
            />
            <div
              class="hidden md:block"
            >
              <div
                class="ml-10 flex items-baseline space-x-4"
              >
                <a
                  class="bg-gray-900 text-white px-3 py-2 rounded-md text-sm font-medium"
                  href="#"
                >
                  Speed Checker
                </a>
                <a
                  class="text-gray-300 hover:bg-gray-700 hover:text-white px-3 py-2 rounded-md text-sm font-medium"
                  href="#"
                >
                  Master(Comming Soon)
                </a>
              </div>
            </div>
          </div>
        </div>
      </div>
    </nav>
    <header
      class="bg-white shadow"
    >
      <div
        class="max-w-7xl mx-auto py-6 px-4 sm:px-6 lg:px-8"
      >
        <h1
          class="text-3xl font-bold text-gray-900"
        >
          Speed Checker
        </h1>
      </div>
    </header>
    <main>
      <div
        class="max-w-7xl mx-auto py-6 sm:px-6 lg:px-8"
      >
        <div
          class="mt-10 sm:mt-0"
        >
          <div
            class="md:grid md:grid-cols-1 md:gap-6"
          >
            <div
              class="mt-10 md:mt-0 md:col-span-1"
            >
              <div
                class="shadow overflow-hidden sm:rounded-md"
              >
                <div
                  class="px-4 py-5 bg-white sm:p-6"
                >
                  <div
                    class="grid grid-cols-10 gap-10"
                  >
                    <div
                      class="col-span-10 sm:col-span-10"
                    >
                      <label
                        class="block text-sm font-medium text-gray-700"
                        for="pokemon_name"
                      >
                        Pokemon
                      </label>
                      <div
                        class="mt-1 focus:ring-indigo-500 focus:border-indigo-500 block w-full shadow-sm sm:text-sm border-gray-300 rounded-md css-b62m3t-container"
                      >
                        <span
                          class="css-1f43avz-a11yText-A11yText"
                          id="react-select-2-live-region"
                        />
                        <span
                          aria-atomic="false"
                          aria-live="polite"
                          aria-relevant="additions text"
                          class="css-1f43avz-a11yText-A11yText"
                        />
                        <div
                          class=" css-1s2u09g-control"
                        >
                          <div
                            class=" css-319lph-ValueContainer"
                          >
                            <div
                              class=" css-14el2xx-placeholder"
                              id="react-select-2-placeholder"
                            >
                              Select...
                            </div>
                            <div
                              class=" css-6j8wv5-Input"
                              data-value=""
                            >
                              <input
                                aria-autocomplete="list"
                                aria-describedby="react-select-2-placeholder"
                                aria-expanded="false"
                                aria-haspopup="true"
                                autocapitalize="none"
                                autocomplete="off"
                                autocorrect="off"
                                class=""
                                id="react-select-2-input"
                                role="combobox"
                                spellcheck="false"
                                style="opacity: 1; width: 100%; grid-area: 1 / 2; min-width: 2px; border: 0px; margin: 0px; outline: 0; padding: 0px;"
                                tabindex="0"
                                type="text"
                                value=""
                              />
                            </div>
                          </div>
                          <div
                            class=" css-1hb7zxy-IndicatorsContainer"
                          >
                            <span
                              class=" css-1okebmr-indicatorSeparator"
                            />
                            <div
                              aria-hidden="true"
                              class=" css-tlfecz-indicatorContainer"
                            >
                              <svg
                                aria-hidden="true"
                                class="css-tj5bde-Svg"
                                focusable="false"
                                height="20"
                                viewBox="0 0 20 20"
                                width="20"
                              >
                                <path
                                  d="M4.516 7.548c0.436-0.446 1.043-0.481 1.576 0l3.908 3.747 3.908-3.747c0.533-0.481 1.141-0.446 1.574 0 0.436 0.445 0.408 1.197 0 1.615-0.406 0.418-4.695 4.502-4.695 4.502-0.217 0.223-0.502 0.335-0.787 0.335s-0.57-0.112-0.789-0.335c0 0-4.287-4.084-4.695-4.502s-0.436-1.17 0-1.615z"
                                />
                              </svg>
                            </div>
                          </div>
                        </div>
                      </div>
                    </div>
                    <div
                      class="col-span-5 sm:col-span-5"
                    >
                      <label
                        class="block text-sm font-medium text-gray-700"
                        for="individual_value"
                      >
                        IVs
                      </label>
                      <select
                        autocomplete="individual_value"
                        class="mt-1 block w-full py-2 px-3 border border-gray-300 bg-white rounded-md shadow-sm focus:outline-none focus:ring-indigo-500 focus:border-indigo-500 sm:text-sm"
                        id="individual_value"
                        name="individual_value"
                      >
                        <option
                          value="31"
                        >
                          31
                        </option>
                        <option
                          value="30"
                        >
                          30
                        </option>
                        <option
                          value="2"
                        >
                          2
                        </option>
                        <option
                          value="1"
                        >
                          1
                        </option>
                        <option
                          value="0"
                        >
                          0
                        </option>
                      </select>
                    </div>
                    <div
                      class="col-span-5 sm:col-span-5"
                    >
                      <label
                        class="block text-sm font-medium text-gray-700"
                        for="personality"
                      >
                        Personality
                      </label>
                      <select
                        autocomplete="personality"
                        class="mt-1 block w-full py-2 px-3 border border-gray-300 bg-white rounded-md shadow-sm focus:outline-none focus:ring-indigo-500 focus:border-indigo-500 sm:text-sm"
                        id="personality"
                        name="personality"
                      >
                        <option
                          value="1.1"
                        >
                          1.1
                        </option>
                        <option
                          value="1"
                        >
                          1.0
                        </option>
                        <option
                          value="0.9"
                        >
                          0.9
                        </option>
                      </select>
                    </div>
                    <div
                      class="col-span-5 sm:col-span-5"
                    >
                      <label
                        class="block text-sm font-medium text-gray-700"
                        for="ability"
                      >
                        Ability
                      </label>
                      <select
                        autocomplete="ability"
                        class="mt-1 block w-full py-2 px-3 border border-gray-300 bg-white rounded-md shadow-sm focus:outline-none focus:ring-indigo-500 focus:border-indigo-500 sm:text-sm"
                        id="ability"
                        name="ability"
                      >
                        <option
                          value="2"
                        >
                          2.0
                        </option>
                        <option
                          value="1"
                        >
                          1.0
                        </option>
                        <option
                          value="0.5"
                        >
                          0.5
                        </option>
                      </select>
                    </div>
                    <div
                      class="col-span-5 sm:col-span-5"
                    >
                      <label
                        class="block text-sm font-medium text-gray-700"
                        for="item"
                      >
                        Item
                      </label>
                      <select
                        autocomplete="item"
                        class="mt-1 block w-full py-2 px-3 border border-gray-300 bg-white rounded-md shadow-sm focus:outline-none focus:ring-indigo-500 focus:border-indigo-500 sm:text-sm"
                        id="item"
                        name="item"
                      >
                        <option
                          value="2"
                        >
                          2.0
                        </option>
                        <option
                          value="1.5"
                        >
                          1.5
                        </option>
                        <option
                          value="1"
                        >
                          1.0
                        </option>
                        <option
                          value="0.5"
                        >
                          0.5
                        </option>
                      </select>
                    </div>
                    <div
                      class="col-span-5 sm:col-span-5"
                    >
                      <label
                        class="block text-sm font-medium text-gray-700"
                        for="rank"
                      >
                        Rank
                      </label>
                      <select
                        autocomplete="rank"
                        class="mt-1 block w-full py-2 px-3 border border-gray-300 bg-white rounded-md shadow-sm focus:outline-none focus:ring-indigo-500 focus:border-indigo-500 sm:text-sm"
                        id="rank"
                        name="rank"
                      >
                        <option
                          value="6"
                        >
                          +6
                        </option>
                        <option
                          value="5"
                        >
                          +5
                        </option>
                        <option
                          value="4"
                        >
                          +4
                        </option>
                        <option
                          value="3"
                        >
                          +3
                        </option>
                        <option
                          value="2"
                        >
                          +2
                        </option>
                        <option
                          value="1"
                        >
                          +1
                        </option>
                        <option
                          value="0"
                        >
                          0
                        </option>
                        <option
                          value="-1"
                        >
                          -1
                        </option>
                        <option
                          value="-2"
                        >
                          -2
                        </option>
                        <option
                          value="-3"
                        >
                          -3
                        </option>
                        <option
                          value="-4"
                        >
                          -4
                        </option>
                        <option
                          value="-5"
                        >
                          -5
                        </option>
                        <option
                          value="-6"
                        >
                          -6
                        </option>
                      </select>
                    </div>
                  </div>
                  <div
                    class="py-5 grid grid-cols-10 gap-10"
                  >
                    <div
                      class="col-span-5 sm:col-span-5"
                    >
                      <input
                        class="focus:ring-indigo-500 h-4 w-4 text-indigo-600 border-gray-300 rounded"
                        id="tailwind"
                        name="tailwind"
                        type="checkbox"
                      />
                      <label
                        class="font-medium text-gray-700"
                        for="tailwind"
                      >
                        Tailwind
                      </label>
                    </div>
                    <div
                      class="col-span-5 sm:col-span-5"
                    >
                      <input
                        class="focus:ring-indigo-500 h-4 w-4 text-indigo-600 border-gray-300 rounded"
                        id="paralysis"
                        name="paralysis"
                        type="checkbox"
                      />
                      <label
                        class="font-medium text-gray-700"
                        for="paralysis"
                      >
                        Paralysis
                      </label>
                    </div>
                  </div>
                </div>
                <div
                  class="w-full px-4 py-3 bg-gray-50 text-left sm:px-6"
                >
                  <button
                    class="w-full inline-flex justify-center py-2 px-4 border border-transparent shadow-sm text-sm font-medium rounded-md text-white bg-indigo-600 hover:bg-indigo-700 focus:outline-none focus:ring-2 focus:ring-offset-2 focus:ring-indigo-500"
                    type="submit"
                  >
                    Calc
                  </button>
                </div>
              </div>
            </div>
          </div>
        </div>
      </div>
    </main>
  </div>
</DocumentFragment>
`;
