// Jest Snapshot v1, https://goo.gl/fbAQLP

exports[`ResultModal when isOpen is false, should render 1`] = `
<DocumentFragment>
  <div
    class="ReactModalPortal"
  />
</DocumentFragment>
`;

exports[`ResultModal when isOpen is true, should render 1`] = `
<DocumentFragment>
  <div
    data-react-modal-body-trap=""
    style="position: absolute; opacity: 0;"
    tabindex="0"
  />
  <div
    data-react-modal-body-trap=""
    style="position: absolute; opacity: 0;"
    tabindex="0"
  />
  <div
    class="ReactModalPortal"
  >
    <div
      class="ReactModal__Overlay"
      style="position: fixed; top: 0px; left: 0px; right: 0px; bottom: 0px; background-color: rgba(255, 255, 255, 0.75);"
    >
      <div
        aria-label="CalcResult"
        aria-modal="true"
        class="ReactModal__Content"
        role="dialog"
        style="position: absolute; top: 40px; left: 40px; right: 40px; bottom: 40px; background: none; overflow: auto; border-radius: 4px; outline: none; padding: 20px; width: 100%; inset: 0;"
        tabindex="-1"
      >
        <div
          class="w-full items-start min-h-screen pt-4 px-4 pb-20 text-left sm:block sm:p-0"
        >
          <span
            aria-hidden="true"
            class="hidden sm:inline-block sm:align-middle sm:h-screen"
          >
            ​
          </span>
          <div
            class="w-full inline-block align-bottom bg-white rounded-lg overflow-hidden shadow-xl transform transition-all sm:my-8 sm:align-middle"
          >
            <div
              class="bg-white px-4 pt-5 pb-4 sm:p-6 sm:pb-4 min-w-full"
            >
              <div
                class="sm:flex sm:items-start"
              >
                <div
                  class="mt-3 sm:mt-0 sm:text-left min-w-full"
                >
                  <div
                    class="mt-2 overflow-y-auto"
                    style="max-height: 70vh;"
                  >
                    <div
                      class="pt-3 pb-3 border-b-2"
                    >
                      <p
                        class="text-sm text-gray-500 mb-1"
                      >
                        Actual: 100
                      </p>
                      <p
                        class="text-sm text-gray-500 mb-1"
                      >
                        Effort: 0
                      </p>
                      <p
                        class="text-sm text-gray-500"
                      >
                        無振り80族（トゲキッス/フシギバナ/カブトプス/カイリュー/バシャーモ/ダーテング/サーナイト/チルタリス/オニゴーリ/フワライド/マンムー/エルレイド/ムーランド/シャンデラ/バルジーナ/ウォーグル/ヌメルゴン/ナゲツケサル/レジドラゴ/バドレックス）
                      </p>
                    </div>
                    <div
                      class="pt-3 pb-3 border-b-2"
                    >
                      <p
                        class="text-sm text-gray-500 mb-1"
                      >
                        Actual: 101
                      </p>
                      <p
                        class="text-sm text-gray-500 mb-1"
                      >
                        Effort: 4
                      </p>
                      <p
                        class="text-sm text-gray-500"
                      >
                        最速40族（ヌケニン/ドサイドン）無振り81族（ギャラドス/ミロカロス）
                      </p>
                    </div>
                    <div
                      class="pt-3 pb-3 border-b-2"
                    >
                      <p
                        class="text-sm text-gray-500 mb-1"
                      >
                        Actual: 102
                      </p>
                      <p
                        class="text-sm text-gray-500 mb-1"
                      >
                        Effort: 8
                      </p>
                      <p
                        class="text-sm text-gray-500"
                      >
                        準速50族（ラフレシア/ラッキー/キレイハナ/ハピナス/ヤミラミ/ツンベアー/メレシー/バドレックス白）無振り82族（ルガルガン夜）
                      </p>
                    </div>
                  </div>
                </div>
              </div>
            </div>
            <div
              class="bg-gray-50 px-4 py-3 sm:px-6 sm:flex sm:flex-row-reverse"
            >
              <button
                class="mt-3 w-full inline-flex justify-center rounded-md border border-gray-300 shadow-sm px-4 py-2 bg-white text-base font-medium text-gray-700 hover:bg-gray-50 focus:outline-none focus:ring-2 focus:ring-offset-2 focus:ring-indigo-500 sm:mt-0 sm:ml-3 sm:text-sm"
                type="button"
              >
                Close
              </button>
            </div>
          </div>
        </div>
      </div>
    </div>
  </div>
</DocumentFragment>
`;
